09:15:53 **** Incremental Build of configuration Debug for project UART_Recive ****
make -j8 all 
arm-none-eabi-gcc "../Core/Src/main.c" -mcpu=cortex-m3 -std=gnu11 -g3 -DDEBUG -DUSE_HAL_DRIVER -DSTM32F103xB -c -I../Core/Inc -I../Drivers/STM32F1xx_HAL_Driver/Inc/Legacy -I../Drivers/STM32F1xx_HAL_Driver/Inc -I../Drivers/CMSIS/Device/ST/STM32F1xx/Include -I../Drivers/CMSIS/Include -O0 -ffunction-sections -fdata-sections -Wall -fstack-usage -MMD -MP -MF"Core/Src/main.d" -MT"Core/Src/main.o" --specs=nano.specs -mfloat-abi=soft -mthumb -o "Core/Src/main.o"
../Core/Src/main.c: In function 'main':
../Core/Src/main.c:112:34: warning: pointer targets in passing argument 2 of 'HAL_UART_Transmit' differ in signedness [-Wpointer-sign]
  112 |       HAL_UART_Transmit(&huart1, "Test", 25,  100);
      |                                  ^~~~~~
      |                                  |
      |                                  char *
In file included from ../Core/Inc/stm32f1xx_hal_conf.h:338,
                 from ../Drivers/STM32F1xx_HAL_Driver/Inc/stm32f1xx_hal.h:30,
                 from ../Core/Inc/main.h:30,
                 from ../Core/Src/main.c:20:
../Drivers/STM32F1xx_HAL_Driver/Inc/stm32f1xx_hal_uart.h:725:73: note: expected 'uint8_t *' {aka 'unsigned char *'} but argument is of type 'char *'
  725 | HAL_StatusTypeDef HAL_UART_Transmit(UART_HandleTypeDef *huart, uint8_t *pData, uint16_t Size, uint32_t Timeout);
      |                                                                ~~~~~~~~~^~~~~
../Core/Src/main.c: In function 'MX_GPIO_Init':
../Core/Src/main.c:208:25: error: 'Button_Pin' undeclared (first use in this function)
  208 |   GPIO_InitStruct.Pin = Button_Pin;
      |                         ^~~~~~~~~~
../Core/Src/main.c:208:25: note: each undeclared identifier is reported only once for each function it appears in
../Core/Src/main.c:211:17: error: 'Button_GPIO_Port' undeclared (first use in this function); did you mean 'Led_GPIO_Port'?
  211 |   HAL_GPIO_Init(Button_GPIO_Port, &GPIO_InitStruct);
      |                 ^~~~~~~~~~~~~~~~
      |                 Led_GPIO_Port
make: *** [Core/Src/subdir.mk:34: Core/Src/main.o] Error 1
"make -j8 all" terminated with exit code 2. Build might be incomplete.
09:17:30 **** Incremental Build of configuration Debug for project UART_Recive ****
make -j8 all 
arm-none-eabi-gcc "../Core/Src/main.c" -mcpu=cortex-m3 -std=gnu11 -g3 -DDEBUG -DUSE_HAL_DRIVER -DSTM32F103xB -c -I../Core/Inc -I../Drivers/STM32F1xx_HAL_Driver/Inc/Legacy -I../Drivers/STM32F1xx_HAL_Driver/Inc -I../Drivers/CMSIS/Device/ST/STM32F1xx/Include -I../Drivers/CMSIS/Include -O0 -ffunction-sections -fdata-sections -Wall -fstack-usage -MMD -MP -MF"Core/Src/main.d" -MT"Core/Src/main.o" --specs=nano.specs -mfloat-abi=soft -mthumb -o "Core/Src/main.o"
../Core/Src/main.c: In function 'main':
../Core/Src/main.c:112:34: warning: pointer targets in passing argument 2 of 'HAL_UART_Transmit' differ in signedness [-Wpointer-sign]
  112 |       HAL_UART_Transmit(&huart1, "Test", 25,  100);
      |                                  ^~~~~~
      |                                  |
      |                                  char *
In file included from ../Core/Inc/stm32f1xx_hal_conf.h:338,
                 from ../Drivers/STM32F1xx_HAL_Driver/Inc/stm32f1xx_hal.h:30,
                 from ../Core/Inc/main.h:30,
                 from ../Core/Src/main.c:20:
../Drivers/STM32F1xx_HAL_Driver/Inc/stm32f1xx_hal_uart.h:725:73: note: expected 'uint8_t *' {aka 'unsigned char *'} but argument is of type 'char *'
  725 | HAL_StatusTypeDef HAL_UART_Transmit(UART_HandleTypeDef *huart, uint8_t *pData, uint16_t Size, uint32_t Timeout);
      |                                                                ~~~~~~~~~^~~~~
arm-none-eabi-gcc -o "UART_Recive.elf" @"objects.list"   -mcpu=cortex-m3 -T"/home/oem/Embedded C/stm32cubeide_1.11.0/UART_Recive/STM32F103C8TX_FLASH.ld" --specs=nosys.specs -Wl,-Map="UART_Recive.map" -Wl,--gc-sections -static --specs=nano.specs -mfloat-abi=soft -mthumb -Wl,--start-group -lc -lm -Wl,--end-group
Finished building target: UART_Recive.elf
 
arm-none-eabi-size   UART_Recive.elf 
arm-none-eabi-objdump -h -S  UART_Recive.elf  > "UART_Recive.list"
arm-none-eabi-objcopy  -O ihex  UART_Recive.elf  "UART_Recive.hex"
arm-none-eabi-objcopy  -O binary  UART_Recive.elf  "UART_Recive.bin"
   text	   data	    bss	    dec	    hex	filename
  11592	    120	   1664	  13376	   3440	UART_Recive.elf
Finished building: default.size.stdout
 
Finished building: UART_Recive.bin
Finished building: UART_Recive.hex
 
 
Finished building: UART_Recive.list
 
09:17:50 **** Incremental Build of configuration Debug for project UART_Recive ****
make -j8 all 
arm-none-eabi-gcc "../Core/Src/main.c" -mcpu=cortex-m3 -std=gnu11 -g3 -DDEBUG -DUSE_HAL_DRIVER -DSTM32F103xB -c -I../Core/Inc -I../Drivers/STM32F1xx_HAL_Driver/Inc/Legacy -I../Drivers/STM32F1xx_HAL_Driver/Inc -I../Drivers/CMSIS/Device/ST/STM32F1xx/Include -I../Drivers/CMSIS/Include -O0 -ffunction-sections -fdata-sections -Wall -fstack-usage -MMD -MP -MF"Core/Src/main.d" -MT"Core/Src/main.o" --specs=nano.specs -mfloat-abi=soft -mthumb -o "Core/Src/main.o"
../Core/Src/main.c: In function 'main':
../Core/Src/main.c:112:34: warning: pointer targets in passing argument 2 of 'HAL_UART_Transmit' differ in signedness [-Wpointer-sign]
  112 |       HAL_UART_Transmit(&huart1, "Test", 25,  100);
      |                                  ^~~~~~
      |                                  |
      |                                  char *
In file included from ../Core/Inc/stm32f1xx_hal_conf.h:338,
                 from ../Drivers/STM32F1xx_HAL_Driver/Inc/stm32f1xx_hal.h:30,
                 from ../Core/Inc/main.h:30,
                 from ../Core/Src/main.c:20:
../Drivers/STM32F1xx_HAL_Driver/Inc/stm32f1xx_hal_uart.h:725:73: note: expected 'uint8_t *' {aka 'unsigned char *'} but argument is of type 'char *'
  725 | HAL_StatusTypeDef HAL_UART_Transmit(UART_HandleTypeDef *huart, uint8_t *pData, uint16_t Size, uint32_t Timeout);
      |                                                                ~~~~~~~~~^~~~~
arm-none-eabi-gcc -o "UART_Recive.elf" @"objects.list"   -mcpu=cortex-m3 -T"/home/oem/Embedded C/stm32cubeide_1.11.0/UART_Recive/STM32F103C8TX_FLASH.ld" --specs=nosys.specs -Wl,-Map="UART_Recive.map" -Wl,--gc-sections -static --specs=nano.specs -mfloat-abi=soft -mthumb -Wl,--start-group -lc -lm -Wl,--end-group
Finished building target: UART_Recive.elf
 
arm-none-eabi-size   UART_Recive.elf 
arm-none-eabi-objdump -h -S  UART_Recive.elf  > "UART_Recive.list"
arm-none-eabi-objcopy  -O ihex  UART_Recive.elf  "UART_Recive.hex"
arm-none-eabi-objcopy  -O binary  UART_Recive.elf  "UART_Recive.bin"
   text	   data	    bss	    dec	    hex	filename
  11564	    120	   1664	  13348	   3424	UART_Recive.elf
Finished building: default.size.stdout
 
Finished building: UART_Recive.hex
Finished building: UART_Recive.bin
 
 
Finished building: UART_Recive.list
 
09:17:58 **** Incremental Build of configuration Debug for project UART_Recive ****
make -j8 all 
arm-none-eabi-size   UART_Recive.elf 
   text	   data	    bss	    dec	    hex	filename
  11564	    120	   1664	  13348	   3424	UART_Recive.elf
Finished building: default.size.stdout
 
09:18:55 **** Incremental Build of configuration Debug for project UART_Recive ****
make -j8 all 
arm-none-eabi-gcc "../Core/Src/main.c" -mcpu=cortex-m3 -std=gnu11 -g3 -DDEBUG -DUSE_HAL_DRIVER -DSTM32F103xB -c -I../Core/Inc -I../Drivers/STM32F1xx_HAL_Driver/Inc/Legacy -I../Drivers/STM32F1xx_HAL_Driver/Inc -I../Drivers/CMSIS/Device/ST/STM32F1xx/Include -I../Drivers/CMSIS/Include -O0 -ffunction-sections -fdata-sections -Wall -fstack-usage -MMD -MP -MF"Core/Src/main.d" -MT"Core/Src/main.o" --specs=nano.specs -mfloat-abi=soft -mthumb -o "Core/Src/main.o"
../Core/Src/main.c: In function 'main':
../Core/Src/main.c:112:34: warning: pointer targets in passing argument 2 of 'HAL_UART_Transmit' differ in signedness [-Wpointer-sign]
  112 |       HAL_UART_Transmit(&huart1, "Test", 4,  100);
      |                                  ^~~~~~
      |                                  |
      |                                  char *
In file included from ../Core/Inc/stm32f1xx_hal_conf.h:338,
                 from ../Drivers/STM32F1xx_HAL_Driver/Inc/stm32f1xx_hal.h:30,
                 from ../Core/Inc/main.h:30,
                 from ../Core/Src/main.c:20:
../Drivers/STM32F1xx_HAL_Driver/Inc/stm32f1xx_hal_uart.h:725:73: note: expected 'uint8_t *' {aka 'unsigned char *'} but argument is of type 'char *'
  725 | HAL_StatusTypeDef HAL_UART_Transmit(UART_HandleTypeDef *huart, uint8_t *pData, uint16_t Size, uint32_t Timeout);
      |                                                                ~~~~~~~~~^~~~~
arm-none-eabi-gcc -o "UART_Recive.elf" @"objects.list"   -mcpu=cortex-m3 -T"/home/oem/Embedded C/stm32cubeide_1.11.0/UART_Recive/STM32F103C8TX_FLASH.ld" --specs=nosys.specs -Wl,-Map="UART_Recive.map" -Wl,--gc-sections -static --specs=nano.specs -mfloat-abi=soft -mthumb -Wl,--start-group -lc -lm -Wl,--end-group
Finished building target: UART_Recive.elf
 
arm-none-eabi-size   UART_Recive.elf 
arm-none-eabi-objdump -h -S  UART_Recive.elf  > "UART_Recive.list"
arm-none-eabi-objcopy  -O ihex  UART_Recive.elf  "UART_Recive.hex"
arm-none-eabi-objcopy  -O binary  UART_Recive.elf  "UART_Recive.bin"
   text	   data	    bss	    dec	    hex	filename
  11564	    120	   1664	  13348	   3424	UART_Recive.elf
Finished building: default.size.stdout
 
Finished building: UART_Recive.hex
Finished building: UART_Recive.bin
 
 
Finished building: UART_Recive.list
 
09:19:40 **** Incremental Build of configuration Debug for project UART_Recive ****
make -j8 all 
arm-none-eabi-gcc "../Core/Src/main.c" -mcpu=cortex-m3 -std=gnu11 -g3 -DDEBUG -DUSE_HAL_DRIVER -DSTM32F103xB -c -I../Core/Inc -I../Drivers/STM32F1xx_HAL_Driver/Inc/Legacy -I../Drivers/STM32F1xx_HAL_Driver/Inc -I../Drivers/CMSIS/Device/ST/STM32F1xx/Include -I../Drivers/CMSIS/Include -O0 -ffunction-sections -fdata-sections -Wall -fstack-usage -MMD -MP -MF"Core/Src/main.d" -MT"Core/Src/main.o" --specs=nano.specs -mfloat-abi=soft -mthumb -o "Core/Src/main.o"
../Core/Src/main.c: In function 'main':
../Core/Src/main.c:112:34: warning: pointer targets in passing argument 2 of 'HAL_UART_Transmit' differ in signedness [-Wpointer-sign]
  112 |       HAL_UART_Transmit(&huart1, "Test\n", 4,  100);
      |                                  ^~~~~~~~
      |                                  |
      |                                  char *
In file included from ../Core/Inc/stm32f1xx_hal_conf.h:338,
                 from ../Drivers/STM32F1xx_HAL_Driver/Inc/stm32f1xx_hal.h:30,
                 from ../Core/Inc/main.h:30,
                 from ../Core/Src/main.c:20:
../Drivers/STM32F1xx_HAL_Driver/Inc/stm32f1xx_hal_uart.h:725:73: note: expected 'uint8_t *' {aka 'unsigned char *'} but argument is of type 'char *'
  725 | HAL_StatusTypeDef HAL_UART_Transmit(UART_HandleTypeDef *huart, uint8_t *pData, uint16_t Size, uint32_t Timeout);
      |                                                                ~~~~~~~~~^~~~~
arm-none-eabi-gcc -o "UART_Recive.elf" @"objects.list"   -mcpu=cortex-m3 -T"/home/oem/Embedded C/stm32cubeide_1.11.0/UART_Recive/STM32F103C8TX_FLASH.ld" --specs=nosys.specs -Wl,-Map="UART_Recive.map" -Wl,--gc-sections -static --specs=nano.specs -mfloat-abi=soft -mthumb -Wl,--start-group -lc -lm -Wl,--end-group
Finished building target: UART_Recive.elf
 
arm-none-eabi-size   UART_Recive.elf 
arm-none-eabi-objdump -h -S  UART_Recive.elf  > "UART_Recive.list"
arm-none-eabi-objcopy  -O ihex  UART_Recive.elf  "UART_Recive.hex"
arm-none-eabi-objcopy  -O binary  UART_Recive.elf  "UART_Recive.bin"
   text	   data	    bss	    dec	    hex	filename
  11564	    120	   1664	  13348	   3424	UART_Recive.elf
Finished building: default.size.stdout
 
Finished building: UART_Recive.hex
Finished building: UART_Recive.bin
 
 
Finished building: UART_Recive.list
 
09:19:47 **** Incremental Build of configuration Debug for project UART_Recive ****
make -j8 all 
arm-none-eabi-size   UART_Recive.elf 
   text	   data	    bss	    dec	    hex	filename
  11564	    120	   1664	  13348	   3424	UART_Recive.elf
Finished building: default.size.stdout
 
09:20:34 **** Incremental Build of configuration Debug for project UART_Recive ****
make -j8 all 
arm-none-eabi-gcc "../Core/Src/main.c" -mcpu=cortex-m3 -std=gnu11 -g3 -DDEBUG -DUSE_HAL_DRIVER -DSTM32F103xB -c -I../Core/Inc -I../Drivers/STM32F1xx_HAL_Driver/Inc/Legacy -I../Drivers/STM32F1xx_HAL_Driver/Inc -I../Drivers/CMSIS/Device/ST/STM32F1xx/Include -I../Drivers/CMSIS/Include -O0 -ffunction-sections -fdata-sections -Wall -fstack-usage -MMD -MP -MF"Core/Src/main.d" -MT"Core/Src/main.o" --specs=nano.specs -mfloat-abi=soft -mthumb -o "Core/Src/main.o"
../Core/Src/main.c: In function 'main':
../Core/Src/main.c:112:34: warning: pointer targets in passing argument 2 of 'HAL_UART_Transmit' differ in signedness [-Wpointer-sign]
  112 |       HAL_UART_Transmit(&huart1, "Test\r", 4,  100);
      |                                  ^~~~~~~~
      |                                  |
      |                                  char *
In file included from ../Core/Inc/stm32f1xx_hal_conf.h:338,
                 from ../Drivers/STM32F1xx_HAL_Driver/Inc/stm32f1xx_hal.h:30,
                 from ../Core/Inc/main.h:30,
                 from ../Core/Src/main.c:20:
../Drivers/STM32F1xx_HAL_Driver/Inc/stm32f1xx_hal_uart.h:725:73: note: expected 'uint8_t *' {aka 'unsigned char *'} but argument is of type 'char *'
  725 | HAL_StatusTypeDef HAL_UART_Transmit(UART_HandleTypeDef *huart, uint8_t *pData, uint16_t Size, uint32_t Timeout);
      |                                                                ~~~~~~~~~^~~~~
arm-none-eabi-gcc -o "UART_Recive.elf" @"objects.list"   -mcpu=cortex-m3 -T"/home/oem/Embedded C/stm32cubeide_1.11.0/UART_Recive/STM32F103C8TX_FLASH.ld" --specs=nosys.specs -Wl,-Map="UART_Recive.map" -Wl,--gc-sections -static --specs=nano.specs -mfloat-abi=soft -mthumb -Wl,--start-group -lc -lm -Wl,--end-group
Finished building target: UART_Recive.elf
 
arm-none-eabi-size   UART_Recive.elf 
arm-none-eabi-objdump -h -S  UART_Recive.elf  > "UART_Recive.list"
arm-none-eabi-objcopy  -O ihex  UART_Recive.elf  "UART_Recive.hex"
arm-none-eabi-objcopy  -O binary  UART_Recive.elf  "UART_Recive.bin"
   text	   data	    bss	    dec	    hex	filename
  11564	    120	   1664	  13348	   3424	UART_Recive.elf
Finished building: default.size.stdout
 
Finished building: UART_Recive.bin
Finished building: UART_Recive.hex
 
 
Finished building: UART_Recive.list
 
09:20:56 **** Incremental Build of configuration Debug for project UART_Recive ****
make -j8 all 
arm-none-eabi-size   UART_Recive.elf 
   text	   data	    bss	    dec	    hex	filename
  11564	    120	   1664	  13348	   3424	UART_Recive.elf
Finished building: default.size.stdout
 
09:28:25 **** Incremental Build of configuration Debug for project UART_Recive ****
make -j8 all 
arm-none-eabi-gcc "../Drivers/STM32F1xx_HAL_Driver/Src/stm32f1xx_hal.c" -mcpu=cortex-m3 -std=gnu11 -g3 -DDEBUG -DUSE_HAL_DRIVER -DSTM32F103xB -c -I../Core/Inc -I../Drivers/STM32F1xx_HAL_Driver/Inc/Legacy -I../Drivers/STM32F1xx_HAL_Driver/Inc -I../Drivers/CMSIS/Device/ST/STM32F1xx/Include -I../Drivers/CMSIS/Include -O0 -ffunction-sections -fdata-sections -Wall -fstack-usage -MMD -MP -MF"Drivers/STM32F1xx_HAL_Driver/Src/stm32f1xx_hal.d" -MT"Drivers/STM32F1xx_HAL_Driver/Src/stm32f1xx_hal.o" --specs=nano.specs -mfloat-abi=soft -mthumb -o "Drivers/STM32F1xx_HAL_Driver/Src/stm32f1xx_hal.o"
arm-none-eabi-gcc "../Drivers/STM32F1xx_HAL_Driver/Src/stm32f1xx_hal_cortex.c" -mcpu=cortex-m3 -std=gnu11 -g3 -DDEBUG -DUSE_HAL_DRIVER -DSTM32F103xB -c -I../Core/Inc -I../Drivers/STM32F1xx_HAL_Driver/Inc/Legacy -I../Drivers/STM32F1xx_HAL_Driver/Inc -I../Drivers/CMSIS/Device/ST/STM32F1xx/Include -I../Drivers/CMSIS/Include -O0 -ffunction-sections -fdata-sections -Wall -fstack-usage -MMD -MP -MF"Drivers/STM32F1xx_HAL_Driver/Src/stm32f1xx_hal_cortex.d" -MT"Drivers/STM32F1xx_HAL_Driver/Src/stm32f1xx_hal_cortex.o" --specs=nano.specs -mfloat-abi=soft -mthumb -o "Drivers/STM32F1xx_HAL_Driver/Src/stm32f1xx_hal_cortex.o"
arm-none-eabi-gcc "../Drivers/STM32F1xx_HAL_Driver/Src/stm32f1xx_hal_dma.c" -mcpu=cortex-m3 -std=gnu11 -g3 -DDEBUG -DUSE_HAL_DRIVER -DSTM32F103xB -c -I../Core/Inc -I../Drivers/STM32F1xx_HAL_Driver/Inc/Legacy -I../Drivers/STM32F1xx_HAL_Driver/Inc -I../Drivers/CMSIS/Device/ST/STM32F1xx/Include -I../Drivers/CMSIS/Include -O0 -ffunction-sections -fdata-sections -Wall -fstack-usage -MMD -MP -MF"Drivers/STM32F1xx_HAL_Driver/Src/stm32f1xx_hal_dma.d" -MT"Drivers/STM32F1xx_HAL_Driver/Src/stm32f1xx_hal_dma.o" --specs=nano.specs -mfloat-abi=soft -mthumb -o "Drivers/STM32F1xx_HAL_Driver/Src/stm32f1xx_hal_dma.o"
arm-none-eabi-gcc "../Drivers/STM32F1xx_HAL_Driver/Src/stm32f1xx_hal_exti.c" -mcpu=cortex-m3 -std=gnu11 -g3 -DDEBUG -DUSE_HAL_DRIVER -DSTM32F103xB -c -I../Core/Inc -I../Drivers/STM32F1xx_HAL_Driver/Inc/Legacy -I../Drivers/STM32F1xx_HAL_Driver/Inc -I../Drivers/CMSIS/Device/ST/STM32F1xx/Include -I../Drivers/CMSIS/Include -O0 -ffunction-sections -fdata-sections -Wall -fstack-usage -MMD -MP -MF"Drivers/STM32F1xx_HAL_Driver/Src/stm32f1xx_hal_exti.d" -MT"Drivers/STM32F1xx_HAL_Driver/Src/stm32f1xx_hal_exti.o" --specs=nano.specs -mfloat-abi=soft -mthumb -o "Drivers/STM32F1xx_HAL_Driver/Src/stm32f1xx_hal_exti.o"
arm-none-eabi-gcc "../Drivers/STM32F1xx_HAL_Driver/Src/stm32f1xx_hal_flash.c" -mcpu=cortex-m3 -std=gnu11 -g3 -DDEBUG -DUSE_HAL_DRIVER -DSTM32F103xB -c -I../Core/Inc -I../Drivers/STM32F1xx_HAL_Driver/Inc/Legacy -I../Drivers/STM32F1xx_HAL_Driver/Inc -I../Drivers/CMSIS/Device/ST/STM32F1xx/Include -I../Drivers/CMSIS/Include -O0 -ffunction-sections -fdata-sections -Wall -fstack-usage -MMD -MP -MF"Drivers/STM32F1xx_HAL_Driver/Src/stm32f1xx_hal_flash.d" -MT"Drivers/STM32F1xx_HAL_Driver/Src/stm32f1xx_hal_flash.o" --specs=nano.specs -mfloat-abi=soft -mthumb -o "Drivers/STM32F1xx_HAL_Driver/Src/stm32f1xx_hal_flash.o"
arm-none-eabi-gcc "../Drivers/STM32F1xx_HAL_Driver/Src/stm32f1xx_hal_flash_ex.c" -mcpu=cortex-m3 -std=gnu11 -g3 -DDEBUG -DUSE_HAL_DRIVER -DSTM32F103xB -c -I../Core/Inc -I../Drivers/STM32F1xx_HAL_Driver/Inc/Legacy -I../Drivers/STM32F1xx_HAL_Driver/Inc -I../Drivers/CMSIS/Device/ST/STM32F1xx/Include -I../Drivers/CMSIS/Include -O0 -ffunction-sections -fdata-sections -Wall -fstack-usage -MMD -MP -MF"Drivers/STM32F1xx_HAL_Driver/Src/stm32f1xx_hal_flash_ex.d" -MT"Drivers/STM32F1xx_HAL_Driver/Src/stm32f1xx_hal_flash_ex.o" --specs=nano.specs -mfloat-abi=soft -mthumb -o "Drivers/STM32F1xx_HAL_Driver/Src/stm32f1xx_hal_flash_ex.o"
arm-none-eabi-gcc "../Drivers/STM32F1xx_HAL_Driver/Src/stm32f1xx_hal_gpio.c" -mcpu=cortex-m3 -std=gnu11 -g3 -DDEBUG -DUSE_HAL_DRIVER -DSTM32F103xB -c -I../Core/Inc -I../Drivers/STM32F1xx_HAL_Driver/Inc/Legacy -I../Drivers/STM32F1xx_HAL_Driver/Inc -I../Drivers/CMSIS/Device/ST/STM32F1xx/Include -I../Drivers/CMSIS/Include -O0 -ffunction-sections -fdata-sections -Wall -fstack-usage -MMD -MP -MF"Drivers/STM32F1xx_HAL_Driver/Src/stm32f1xx_hal_gpio.d" -MT"Drivers/STM32F1xx_HAL_Driver/Src/stm32f1xx_hal_gpio.o" --specs=nano.specs -mfloat-abi=soft -mthumb -o "Drivers/STM32F1xx_HAL_Driver/Src/stm32f1xx_hal_gpio.o"
arm-none-eabi-gcc "../Drivers/STM32F1xx_HAL_Driver/Src/stm32f1xx_hal_gpio_ex.c" -mcpu=cortex-m3 -std=gnu11 -g3 -DDEBUG -DUSE_HAL_DRIVER -DSTM32F103xB -c -I../Core/Inc -I../Drivers/STM32F1xx_HAL_Driver/Inc/Legacy -I../Drivers/STM32F1xx_HAL_Driver/Inc -I../Drivers/CMSIS/Device/ST/STM32F1xx/Include -I../Drivers/CMSIS/Include -O0 -ffunction-sections -fdata-sections -Wall -fstack-usage -MMD -MP -MF"Drivers/STM32F1xx_HAL_Driver/Src/stm32f1xx_hal_gpio_ex.d" -MT"Drivers/STM32F1xx_HAL_Driver/Src/stm32f1xx_hal_gpio_ex.o" --specs=nano.specs -mfloat-abi=soft -mthumb -o "Drivers/STM32F1xx_HAL_Driver/Src/stm32f1xx_hal_gpio_ex.o"
arm-none-eabi-gcc "../Drivers/STM32F1xx_HAL_Driver/Src/stm32f1xx_hal_pwr.c" -mcpu=cortex-m3 -std=gnu11 -g3 -DDEBUG -DUSE_HAL_DRIVER -DSTM32F103xB -c -I../Core/Inc -I../Drivers/STM32F1xx_HAL_Driver/Inc/Legacy -I../Drivers/STM32F1xx_HAL_Driver/Inc -I../Drivers/CMSIS/Device/ST/STM32F1xx/Include -I../Drivers/CMSIS/Include -O0 -ffunction-sections -fdata-sections -Wall -fstack-usage -MMD -MP -MF"Drivers/STM32F1xx_HAL_Driver/Src/stm32f1xx_hal_pwr.d" -MT"Drivers/STM32F1xx_HAL_Driver/Src/stm32f1xx_hal_pwr.o" --specs=nano.specs -mfloat-abi=soft -mthumb -o "Drivers/STM32F1xx_HAL_Driver/Src/stm32f1xx_hal_pwr.o"
arm-none-eabi-gcc "../Drivers/STM32F1xx_HAL_Driver/Src/stm32f1xx_hal_rcc.c" -mcpu=cortex-m3 -std=gnu11 -g3 -DDEBUG -DUSE_HAL_DRIVER -DSTM32F103xB -c -I../Core/Inc -I../Drivers/STM32F1xx_HAL_Driver/Inc/Legacy -I../Drivers/STM32F1xx_HAL_Driver/Inc -I../Drivers/CMSIS/Device/ST/STM32F1xx/Include -I../Drivers/CMSIS/Include -O0 -ffunction-sections -fdata-sections -Wall -fstack-usage -MMD -MP -MF"Drivers/STM32F1xx_HAL_Driver/Src/stm32f1xx_hal_rcc.d" -MT"Drivers/STM32F1xx_HAL_Driver/Src/stm32f1xx_hal_rcc.o" --specs=nano.specs -mfloat-abi=soft -mthumb -o "Drivers/STM32F1xx_HAL_Driver/Src/stm32f1xx_hal_rcc.o"
arm-none-eabi-gcc "../Drivers/STM32F1xx_HAL_Driver/Src/stm32f1xx_hal_rcc_ex.c" -mcpu=cortex-m3 -std=gnu11 -g3 -DDEBUG -DUSE_HAL_DRIVER -DSTM32F103xB -c -I../Core/Inc -I../Drivers/STM32F1xx_HAL_Driver/Inc/Legacy -I../Drivers/STM32F1xx_HAL_Driver/Inc -I../Drivers/CMSIS/Device/ST/STM32F1xx/Include -I../Drivers/CMSIS/Include -O0 -ffunction-sections -fdata-sections -Wall -fstack-usage -MMD -MP -MF"Drivers/STM32F1xx_HAL_Driver/Src/stm32f1xx_hal_rcc_ex.d" -MT"Drivers/STM32F1xx_HAL_Driver/Src/stm32f1xx_hal_rcc_ex.o" --specs=nano.specs -mfloat-abi=soft -mthumb -o "Drivers/STM32F1xx_HAL_Driver/Src/stm32f1xx_hal_rcc_ex.o"
arm-none-eabi-gcc "../Drivers/STM32F1xx_HAL_Driver/Src/stm32f1xx_hal_tim.c" -mcpu=cortex-m3 -std=gnu11 -g3 -DDEBUG -DUSE_HAL_DRIVER -DSTM32F103xB -c -I../Core/Inc -I../Drivers/STM32F1xx_HAL_Driver/Inc/Legacy -I../Drivers/STM32F1xx_HAL_Driver/Inc -I../Drivers/CMSIS/Device/ST/STM32F1xx/Include -I../Drivers/CMSIS/Include -O0 -ffunction-sections -fdata-sections -Wall -fstack-usage -MMD -MP -MF"Drivers/STM32F1xx_HAL_Driver/Src/stm32f1xx_hal_tim.d" -MT"Drivers/STM32F1xx_HAL_Driver/Src/stm32f1xx_hal_tim.o" --specs=nano.specs -mfloat-abi=soft -mthumb -o "Drivers/STM32F1xx_HAL_Driver/Src/stm32f1xx_hal_tim.o"
arm-none-eabi-gcc "../Drivers/STM32F1xx_HAL_Driver/Src/stm32f1xx_hal_tim_ex.c" -mcpu=cortex-m3 -std=gnu11 -g3 -DDEBUG -DUSE_HAL_DRIVER -DSTM32F103xB -c -I../Core/Inc -I../Drivers/STM32F1xx_HAL_Driver/Inc/Legacy -I../Drivers/STM32F1xx_HAL_Driver/Inc -I../Drivers/CMSIS/Device/ST/STM32F1xx/Include -I../Drivers/CMSIS/Include -O0 -ffunction-sections -fdata-sections -Wall -fstack-usage -MMD -MP -MF"Drivers/STM32F1xx_HAL_Driver/Src/stm32f1xx_hal_tim_ex.d" -MT"Drivers/STM32F1xx_HAL_Driver/Src/stm32f1xx_hal_tim_ex.o" --specs=nano.specs -mfloat-abi=soft -mthumb -o "Drivers/STM32F1xx_HAL_Driver/Src/stm32f1xx_hal_tim_ex.o"
arm-none-eabi-gcc "../Drivers/STM32F1xx_HAL_Driver/Src/stm32f1xx_hal_uart.c" -mcpu=cortex-m3 -std=gnu11 -g3 -DDEBUG -DUSE_HAL_DRIVER -DSTM32F103xB -c -I../Core/Inc -I../Drivers/STM32F1xx_HAL_Driver/Inc/Legacy -I../Drivers/STM32F1xx_HAL_Driver/Inc -I../Drivers/CMSIS/Device/ST/STM32F1xx/Include -I../Drivers/CMSIS/Include -O0 -ffunction-sections -fdata-sections -Wall -fstack-usage -MMD -MP -MF"Drivers/STM32F1xx_HAL_Driver/Src/stm32f1xx_hal_uart.d" -MT"Drivers/STM32F1xx_HAL_Driver/Src/stm32f1xx_hal_uart.o" --specs=nano.specs -mfloat-abi=soft -mthumb -o "Drivers/STM32F1xx_HAL_Driver/Src/stm32f1xx_hal_uart.o"
arm-none-eabi-gcc -mcpu=cortex-m3 -g3 -DDEBUG -c -x assembler-with-cpp -MMD -MP -MF"Core/Startup/startup_stm32f103c8tx.d" -MT"Core/Startup/startup_stm32f103c8tx.o" --specs=nano.specs -mfloat-abi=soft -mthumb -o "Core/Startup/startup_stm32f103c8tx.o" "../Core/Startup/startup_stm32f103c8tx.s"
arm-none-eabi-gcc "../Core/Src/main.c" -mcpu=cortex-m3 -std=gnu11 -g3 -DDEBUG -DUSE_HAL_DRIVER -DSTM32F103xB -c -I../Core/Inc -I../Drivers/STM32F1xx_HAL_Driver/Inc/Legacy -I../Drivers/STM32F1xx_HAL_Driver/Inc -I../Drivers/CMSIS/Device/ST/STM32F1xx/Include -I../Drivers/CMSIS/Include -O0 -ffunction-sections -fdata-sections -Wall -fstack-usage -MMD -MP -MF"Core/Src/main.d" -MT"Core/Src/main.o" --specs=nano.specs -mfloat-abi=soft -mthumb -o "Core/Src/main.o"
arm-none-eabi-gcc "../Core/Src/stm32f1xx_hal_msp.c" -mcpu=cortex-m3 -std=gnu11 -g3 -DDEBUG -DUSE_HAL_DRIVER -DSTM32F103xB -c -I../Core/Inc -I../Drivers/STM32F1xx_HAL_Driver/Inc/Legacy -I../Drivers/STM32F1xx_HAL_Driver/Inc -I../Drivers/CMSIS/Device/ST/STM32F1xx/Include -I../Drivers/CMSIS/Include -O0 -ffunction-sections -fdata-sections -Wall -fstack-usage -MMD -MP -MF"Core/Src/stm32f1xx_hal_msp.d" -MT"Core/Src/stm32f1xx_hal_msp.o" --specs=nano.specs -mfloat-abi=soft -mthumb -o "Core/Src/stm32f1xx_hal_msp.o"
../Core/Src/main.c: In function 'main':
../Core/Src/main.c:112:34: warning: pointer targets in passing argument 2 of 'HAL_UART_Transmit' differ in signedness [-Wpointer-sign]
  112 |       HAL_UART_Transmit(&huart1, "Test\r", 4,  100);
      |                                  ^~~~~~~~
      |                                  |
      |                                  char *
In file included from ../Core/Inc/stm32f1xx_hal_conf.h:338,
                 from ../Drivers/STM32F1xx_HAL_Driver/Inc/stm32f1xx_hal.h:30,
                 from ../Core/Inc/main.h:30,
                 from ../Core/Src/main.c:20:
../Drivers/STM32F1xx_HAL_Driver/Inc/stm32f1xx_hal_uart.h:725:73: note: expected 'uint8_t *' {aka 'unsigned char *'} but argument is of type 'char *'
  725 | HAL_StatusTypeDef HAL_UART_Transmit(UART_HandleTypeDef *huart, uint8_t *pData, uint16_t Size, uint32_t Timeout);
      |                                                                ~~~~~~~~~^~~~~
arm-none-eabi-gcc "../Core/Src/stm32f1xx_it.c" -mcpu=cortex-m3 -std=gnu11 -g3 -DDEBUG -DUSE_HAL_DRIVER -DSTM32F103xB -c -I../Core/Inc -I../Drivers/STM32F1xx_HAL_Driver/Inc/Legacy -I../Drivers/STM32F1xx_HAL_Driver/Inc -I../Drivers/CMSIS/Device/ST/STM32F1xx/Include -I../Drivers/CMSIS/Include -O0 -ffunction-sections -fdata-sections -Wall -fstack-usage -MMD -MP -MF"Core/Src/stm32f1xx_it.d" -MT"Core/Src/stm32f1xx_it.o" --specs=nano.specs -mfloat-abi=soft -mthumb -o "Core/Src/stm32f1xx_it.o"
arm-none-eabi-gcc "../Core/Src/syscalls.c" -mcpu=cortex-m3 -std=gnu11 -g3 -DDEBUG -DUSE_HAL_DRIVER -DSTM32F103xB -c -I../Core/Inc -I../Drivers/STM32F1xx_HAL_Driver/Inc/Legacy -I../Drivers/STM32F1xx_HAL_Driver/Inc -I../Drivers/CMSIS/Device/ST/STM32F1xx/Include -I../Drivers/CMSIS/Include -O0 -ffunction-sections -fdata-sections -Wall -fstack-usage -MMD -MP -MF"Core/Src/syscalls.d" -MT"Core/Src/syscalls.o" --specs=nano.specs -mfloat-abi=soft -mthumb -o "Core/Src/syscalls.o"
arm-none-eabi-gcc "../Core/Src/sysmem.c" -mcpu=cortex-m3 -std=gnu11 -g3 -DDEBUG -DUSE_HAL_DRIVER -DSTM32F103xB -c -I../Core/Inc -I../Drivers/STM32F1xx_HAL_Driver/Inc/Legacy -I../Drivers/STM32F1xx_HAL_Driver/Inc -I../Drivers/CMSIS/Device/ST/STM32F1xx/Include -I../Drivers/CMSIS/Include -O0 -ffunction-sections -fdata-sections -Wall -fstack-usage -MMD -MP -MF"Core/Src/sysmem.d" -MT"Core/Src/sysmem.o" --specs=nano.specs -mfloat-abi=soft -mthumb -o "Core/Src/sysmem.o"
arm-none-eabi-gcc "../Core/Src/system_stm32f1xx.c" -mcpu=cortex-m3 -std=gnu11 -g3 -DDEBUG -DUSE_HAL_DRIVER -DSTM32F103xB -c -I../Core/Inc -I../Drivers/STM32F1xx_HAL_Driver/Inc/Legacy -I../Drivers/STM32F1xx_HAL_Driver/Inc -I../Drivers/CMSIS/Device/ST/STM32F1xx/Include -I../Drivers/CMSIS/Include -O0 -ffunction-sections -fdata-sections -Wall -fstack-usage -MMD -MP -MF"Core/Src/system_stm32f1xx.d" -MT"Core/Src/system_stm32f1xx.o" --specs=nano.specs -mfloat-abi=soft -mthumb -o "Core/Src/system_stm32f1xx.o"
arm-none-eabi-gcc -o "UART_Recive.elf" @"objects.list"   -mcpu=cortex-m3 -T"/home/oem/Embedded C/stm32cubeide_1.11.0/UART_Recive/STM32F103C8TX_FLASH.ld" --specs=nosys.specs -Wl,-Map="UART_Recive.map" -Wl,--gc-sections -static --specs=nano.specs -mfloat-abi=soft -mthumb -Wl,--start-group -lc -lm -Wl,--end-group
Finished building target: UART_Recive.elf
 
arm-none-eabi-size   UART_Recive.elf 
arm-none-eabi-objdump -h -S  UART_Recive.elf  > "UART_Recive.list"
arm-none-eabi-objcopy  -O ihex  UART_Recive.elf  "UART_Recive.hex"
arm-none-eabi-objcopy  -O binary  UART_Recive.elf  "UART_Recive.bin"
   text	   data	    bss	    dec	    hex	filename
  11564	    120	   1664	  13348	   3424	UART_Recive.elf
Finished building: default.size.stdout
 
Finished building: UART_Recive.hex
Finished building: UART_Recive.bin
 
 
Finished building: UART_Recive.list
 
09:29:13 **** Incremental Build of configuration Debug for project UART_Recive ****
make -j8 all 
arm-none-eabi-gcc "../Core/Src/main.c" -mcpu=cortex-m3 -std=gnu11 -g3 -DDEBUG -DUSE_HAL_DRIVER -DSTM32F103xB -c -I../Core/Inc -I../Drivers/STM32F1xx_HAL_Driver/Inc/Legacy -I../Drivers/STM32F1xx_HAL_Driver/Inc -I../Drivers/CMSIS/Device/ST/STM32F1xx/Include -I../Drivers/CMSIS/Include -O0 -ffunction-sections -fdata-sections -Wall -fstack-usage -MMD -MP -MF"Core/Src/main.d" -MT"Core/Src/main.o" --specs=nano.specs -mfloat-abi=soft -mthumb -o "Core/Src/main.o"
../Core/Src/main.c: In function 'main':
../Core/Src/main.c:112:34: warning: pointer targets in passing argument 2 of 'HAL_UART_Transmit' differ in signedness [-Wpointer-sign]
  112 |       HAL_UART_Transmit(&huart1, "Привет", 4,  100);
      |                                  ^~~~~~~~
      |                                  |
      |                                  char *
In file included from ../Core/Inc/stm32f1xx_hal_conf.h:338,
                 from ../Drivers/STM32F1xx_HAL_Driver/Inc/stm32f1xx_hal.h:30,
                 from ../Core/Inc/main.h:30,
                 from ../Core/Src/main.c:20:
../Drivers/STM32F1xx_HAL_Driver/Inc/stm32f1xx_hal_uart.h:725:73: note: expected 'uint8_t *' {aka 'unsigned char *'} but argument is of type 'char *'
  725 | HAL_StatusTypeDef HAL_UART_Transmit(UART_HandleTypeDef *huart, uint8_t *pData, uint16_t Size, uint32_t Timeout);
      |                                                                ~~~~~~~~~^~~~~
arm-none-eabi-gcc -o "UART_Recive.elf" @"objects.list"   -mcpu=cortex-m3 -T"/home/oem/Embedded C/stm32cubeide_1.11.0/UART_Recive/STM32F103C8TX_FLASH.ld" --specs=nosys.specs -Wl,-Map="UART_Recive.map" -Wl,--gc-sections -static --specs=nano.specs -mfloat-abi=soft -mthumb -Wl,--start-group -lc -lm -Wl,--end-group
Finished building target: UART_Recive.elf
 
arm-none-eabi-size   UART_Recive.elf 
arm-none-eabi-objdump -h -S  UART_Recive.elf  > "UART_Recive.list"
arm-none-eabi-objcopy  -O ihex  UART_Recive.elf  "UART_Recive.hex"
arm-none-eabi-objcopy  -O binary  UART_Recive.elf  "UART_Recive.bin"
   text	   data	    bss	    dec	    hex	filename
  11572	    120	   1664	  13356	   342c	UART_Recive.elf
Finished building: default.size.stdout
 
Finished building: UART_Recive.hex
Finished building: UART_Recive.bin
 
 
Finished building: UART_Recive.list
 
09:29:19 **** Incremental Build of configuration Debug for project UART_Recive ****
make -j8 all 
arm-none-eabi-size   UART_Recive.elf 
   text	   data	    bss	    dec	    hex	filename
  11572	    120	   1664	  13356	   342c	UART_Recive.elf
Finished building: default.size.stdout
 
09:30:10 **** Incremental Build of configuration Debug for project UART_Recive ****
make -j8 all 
arm-none-eabi-gcc "../Core/Src/main.c" -mcpu=cortex-m3 -std=gnu11 -g3 -DDEBUG -DUSE_HAL_DRIVER -DSTM32F103xB -c -I../Core/Inc -I../Drivers/STM32F1xx_HAL_Driver/Inc/Legacy -I../Drivers/STM32F1xx_HAL_Driver/Inc -I../Drivers/CMSIS/Device/ST/STM32F1xx/Include -I../Drivers/CMSIS/Include -O0 -ffunction-sections -fdata-sections -Wall -fstack-usage -MMD -MP -MF"Core/Src/main.d" -MT"Core/Src/main.o" --specs=nano.specs -mfloat-abi=soft -mthumb -o "Core/Src/main.o"
../Core/Src/main.c: In function 'main':
../Core/Src/main.c:112:34: warning: pointer targets in passing argument 2 of 'HAL_UART_Transmit' differ in signedness [-Wpointer-sign]
  112 |       HAL_UART_Transmit(&huart1, "Привет", 16,  100);
      |                                  ^~~~~~~~
      |                                  |
      |                                  char *
In file included from ../Core/Inc/stm32f1xx_hal_conf.h:338,
                 from ../Drivers/STM32F1xx_HAL_Driver/Inc/stm32f1xx_hal.h:30,
                 from ../Core/Inc/main.h:30,
                 from ../Core/Src/main.c:20:
../Drivers/STM32F1xx_HAL_Driver/Inc/stm32f1xx_hal_uart.h:725:73: note: expected 'uint8_t *' {aka 'unsigned char *'} but argument is of type 'char *'
  725 | HAL_StatusTypeDef HAL_UART_Transmit(UART_HandleTypeDef *huart, uint8_t *pData, uint16_t Size, uint32_t Timeout);
      |                                                                ~~~~~~~~~^~~~~
arm-none-eabi-gcc -o "UART_Recive.elf" @"objects.list"   -mcpu=cortex-m3 -T"/home/oem/Embedded C/stm32cubeide_1.11.0/UART_Recive/STM32F103C8TX_FLASH.ld" --specs=nosys.specs -Wl,-Map="UART_Recive.map" -Wl,--gc-sections -static --specs=nano.specs -mfloat-abi=soft -mthumb -Wl,--start-group -lc -lm -Wl,--end-group
Finished building target: UART_Recive.elf
 
arm-none-eabi-size   UART_Recive.elf 
arm-none-eabi-objdump -h -S  UART_Recive.elf  > "UART_Recive.list"
arm-none-eabi-objcopy  -O ihex  UART_Recive.elf  "UART_Recive.hex"
arm-none-eabi-objcopy  -O binary  UART_Recive.elf  "UART_Recive.bin"
   text	   data	    bss	    dec	    hex	filename
  11572	    120	   1664	  13356	   342c	UART_Recive.elf
Finished building: default.size.stdout
 
Finished building: UART_Recive.hex
Finished building: UART_Recive.bin
 
 
Finished building: UART_Recive.list
 
09:30:56 **** Incremental Build of configuration Debug for project UART_Recive ****
make -j8 all 
arm-none-eabi-gcc "../Core/Src/main.c" -mcpu=cortex-m3 -std=gnu11 -g3 -DDEBUG -DUSE_HAL_DRIVER -DSTM32F103xB -c -I../Core/Inc -I../Drivers/STM32F1xx_HAL_Driver/Inc/Legacy -I../Drivers/STM32F1xx_HAL_Driver/Inc -I../Drivers/CMSIS/Device/ST/STM32F1xx/Include -I../Drivers/CMSIS/Include -O0 -ffunction-sections -fdata-sections -Wall -fstack-usage -MMD -MP -MF"Core/Src/main.d" -MT"Core/Src/main.o" --specs=nano.specs -mfloat-abi=soft -mthumb -o "Core/Src/main.o"
../Core/Src/main.c: In function 'main':
../Core/Src/main.c:112:34: warning: pointer targets in passing argument 2 of 'HAL_UART_Transmit' differ in signedness [-Wpointer-sign]
  112 |       HAL_UART_Transmit(&huart1, "Привет", 16,  10);
      |                                  ^~~~~~~~
      |                                  |
      |                                  char *
In file included from ../Core/Inc/stm32f1xx_hal_conf.h:338,
                 from ../Drivers/STM32F1xx_HAL_Driver/Inc/stm32f1xx_hal.h:30,
                 from ../Core/Inc/main.h:30,
                 from ../Core/Src/main.c:20:
../Drivers/STM32F1xx_HAL_Driver/Inc/stm32f1xx_hal_uart.h:725:73: note: expected 'uint8_t *' {aka 'unsigned char *'} but argument is of type 'char *'
  725 | HAL_StatusTypeDef HAL_UART_Transmit(UART_HandleTypeDef *huart, uint8_t *pData, uint16_t Size, uint32_t Timeout);
      |                                                                ~~~~~~~~~^~~~~
arm-none-eabi-gcc -o "UART_Recive.elf" @"objects.list"   -mcpu=cortex-m3 -T"/home/oem/Embedded C/stm32cubeide_1.11.0/UART_Recive/STM32F103C8TX_FLASH.ld" --specs=nosys.specs -Wl,-Map="UART_Recive.map" -Wl,--gc-sections -static --specs=nano.specs -mfloat-abi=soft -mthumb -Wl,--start-group -lc -lm -Wl,--end-group
Finished building target: UART_Recive.elf
 
arm-none-eabi-size   UART_Recive.elf 
arm-none-eabi-objdump -h -S  UART_Recive.elf  > "UART_Recive.list"
arm-none-eabi-objcopy  -O ihex  UART_Recive.elf  "UART_Recive.hex"
arm-none-eabi-objcopy  -O binary  UART_Recive.elf  "UART_Recive.bin"
   text	   data	    bss	    dec	    hex	filename
  11572	    120	   1664	  13356	   342c	UART_Recive.elf
Finished building: default.size.stdout
 
Finished building: UART_Recive.bin
Finished building: UART_Recive.hex
 
 
Finished building: UART_Recive.list
 
09:32:52 **** Incremental Build of configuration Debug for project UART_Recive ****
make -j8 all 
arm-none-eabi-gcc "../Drivers/STM32F1xx_HAL_Driver/Src/stm32f1xx_hal.c" -mcpu=cortex-m3 -std=gnu11 -g3 -DDEBUG -DUSE_HAL_DRIVER -DSTM32F103xB -c -I../Core/Inc -I../Drivers/STM32F1xx_HAL_Driver/Inc/Legacy -I../Drivers/STM32F1xx_HAL_Driver/Inc -I../Drivers/CMSIS/Device/ST/STM32F1xx/Include -I../Drivers/CMSIS/Include -O0 -ffunction-sections -fdata-sections -Wall -fstack-usage -MMD -MP -MF"Drivers/STM32F1xx_HAL_Driver/Src/stm32f1xx_hal.d" -MT"Drivers/STM32F1xx_HAL_Driver/Src/stm32f1xx_hal.o" --specs=nano.specs -mfloat-abi=soft -mthumb -o "Drivers/STM32F1xx_HAL_Driver/Src/stm32f1xx_hal.o"
arm-none-eabi-gcc "../Drivers/STM32F1xx_HAL_Driver/Src/stm32f1xx_hal_cortex.c" -mcpu=cortex-m3 -std=gnu11 -g3 -DDEBUG -DUSE_HAL_DRIVER -DSTM32F103xB -c -I../Core/Inc -I../Drivers/STM32F1xx_HAL_Driver/Inc/Legacy -I../Drivers/STM32F1xx_HAL_Driver/Inc -I../Drivers/CMSIS/Device/ST/STM32F1xx/Include -I../Drivers/CMSIS/Include -O0 -ffunction-sections -fdata-sections -Wall -fstack-usage -MMD -MP -MF"Drivers/STM32F1xx_HAL_Driver/Src/stm32f1xx_hal_cortex.d" -MT"Drivers/STM32F1xx_HAL_Driver/Src/stm32f1xx_hal_cortex.o" --specs=nano.specs -mfloat-abi=soft -mthumb -o "Drivers/STM32F1xx_HAL_Driver/Src/stm32f1xx_hal_cortex.o"
arm-none-eabi-gcc "../Drivers/STM32F1xx_HAL_Driver/Src/stm32f1xx_hal_dma.c" -mcpu=cortex-m3 -std=gnu11 -g3 -DDEBUG -DUSE_HAL_DRIVER -DSTM32F103xB -c -I../Core/Inc -I../Drivers/STM32F1xx_HAL_Driver/Inc/Legacy -I../Drivers/STM32F1xx_HAL_Driver/Inc -I../Drivers/CMSIS/Device/ST/STM32F1xx/Include -I../Drivers/CMSIS/Include -O0 -ffunction-sections -fdata-sections -Wall -fstack-usage -MMD -MP -MF"Drivers/STM32F1xx_HAL_Driver/Src/stm32f1xx_hal_dma.d" -MT"Drivers/STM32F1xx_HAL_Driver/Src/stm32f1xx_hal_dma.o" --specs=nano.specs -mfloat-abi=soft -mthumb -o "Drivers/STM32F1xx_HAL_Driver/Src/stm32f1xx_hal_dma.o"
arm-none-eabi-gcc "../Drivers/STM32F1xx_HAL_Driver/Src/stm32f1xx_hal_exti.c" -mcpu=cortex-m3 -std=gnu11 -g3 -DDEBUG -DUSE_HAL_DRIVER -DSTM32F103xB -c -I../Core/Inc -I../Drivers/STM32F1xx_HAL_Driver/Inc/Legacy -I../Drivers/STM32F1xx_HAL_Driver/Inc -I../Drivers/CMSIS/Device/ST/STM32F1xx/Include -I../Drivers/CMSIS/Include -O0 -ffunction-sections -fdata-sections -Wall -fstack-usage -MMD -MP -MF"Drivers/STM32F1xx_HAL_Driver/Src/stm32f1xx_hal_exti.d" -MT"Drivers/STM32F1xx_HAL_Driver/Src/stm32f1xx_hal_exti.o" --specs=nano.specs -mfloat-abi=soft -mthumb -o "Drivers/STM32F1xx_HAL_Driver/Src/stm32f1xx_hal_exti.o"
arm-none-eabi-gcc "../Drivers/STM32F1xx_HAL_Driver/Src/stm32f1xx_hal_flash.c" -mcpu=cortex-m3 -std=gnu11 -g3 -DDEBUG -DUSE_HAL_DRIVER -DSTM32F103xB -c -I../Core/Inc -I../Drivers/STM32F1xx_HAL_Driver/Inc/Legacy -I../Drivers/STM32F1xx_HAL_Driver/Inc -I../Drivers/CMSIS/Device/ST/STM32F1xx/Include -I../Drivers/CMSIS/Include -O0 -ffunction-sections -fdata-sections -Wall -fstack-usage -MMD -MP -MF"Drivers/STM32F1xx_HAL_Driver/Src/stm32f1xx_hal_flash.d" -MT"Drivers/STM32F1xx_HAL_Driver/Src/stm32f1xx_hal_flash.o" --specs=nano.specs -mfloat-abi=soft -mthumb -o "Drivers/STM32F1xx_HAL_Driver/Src/stm32f1xx_hal_flash.o"
arm-none-eabi-gcc "../Drivers/STM32F1xx_HAL_Driver/Src/stm32f1xx_hal_flash_ex.c" -mcpu=cortex-m3 -std=gnu11 -g3 -DDEBUG -DUSE_HAL_DRIVER -DSTM32F103xB -c -I../Core/Inc -I../Drivers/STM32F1xx_HAL_Driver/Inc/Legacy -I../Drivers/STM32F1xx_HAL_Driver/Inc -I../Drivers/CMSIS/Device/ST/STM32F1xx/Include -I../Drivers/CMSIS/Include -O0 -ffunction-sections -fdata-sections -Wall -fstack-usage -MMD -MP -MF"Drivers/STM32F1xx_HAL_Driver/Src/stm32f1xx_hal_flash_ex.d" -MT"Drivers/STM32F1xx_HAL_Driver/Src/stm32f1xx_hal_flash_ex.o" --specs=nano.specs -mfloat-abi=soft -mthumb -o "Drivers/STM32F1xx_HAL_Driver/Src/stm32f1xx_hal_flash_ex.o"
arm-none-eabi-gcc "../Drivers/STM32F1xx_HAL_Driver/Src/stm32f1xx_hal_gpio.c" -mcpu=cortex-m3 -std=gnu11 -g3 -DDEBUG -DUSE_HAL_DRIVER -DSTM32F103xB -c -I../Core/Inc -I../Drivers/STM32F1xx_HAL_Driver/Inc/Legacy -I../Drivers/STM32F1xx_HAL_Driver/Inc -I../Drivers/CMSIS/Device/ST/STM32F1xx/Include -I../Drivers/CMSIS/Include -O0 -ffunction-sections -fdata-sections -Wall -fstack-usage -MMD -MP -MF"Drivers/STM32F1xx_HAL_Driver/Src/stm32f1xx_hal_gpio.d" -MT"Drivers/STM32F1xx_HAL_Driver/Src/stm32f1xx_hal_gpio.o" --specs=nano.specs -mfloat-abi=soft -mthumb -o "Drivers/STM32F1xx_HAL_Driver/Src/stm32f1xx_hal_gpio.o"
arm-none-eabi-gcc "../Drivers/STM32F1xx_HAL_Driver/Src/stm32f1xx_hal_gpio_ex.c" -mcpu=cortex-m3 -std=gnu11 -g3 -DDEBUG -DUSE_HAL_DRIVER -DSTM32F103xB -c -I../Core/Inc -I../Drivers/STM32F1xx_HAL_Driver/Inc/Legacy -I../Drivers/STM32F1xx_HAL_Driver/Inc -I../Drivers/CMSIS/Device/ST/STM32F1xx/Include -I../Drivers/CMSIS/Include -O0 -ffunction-sections -fdata-sections -Wall -fstack-usage -MMD -MP -MF"Drivers/STM32F1xx_HAL_Driver/Src/stm32f1xx_hal_gpio_ex.d" -MT"Drivers/STM32F1xx_HAL_Driver/Src/stm32f1xx_hal_gpio_ex.o" --specs=nano.specs -mfloat-abi=soft -mthumb -o "Drivers/STM32F1xx_HAL_Driver/Src/stm32f1xx_hal_gpio_ex.o"
arm-none-eabi-gcc "../Drivers/STM32F1xx_HAL_Driver/Src/stm32f1xx_hal_pwr.c" -mcpu=cortex-m3 -std=gnu11 -g3 -DDEBUG -DUSE_HAL_DRIVER -DSTM32F103xB -c -I../Core/Inc -I../Drivers/STM32F1xx_HAL_Driver/Inc/Legacy -I../Drivers/STM32F1xx_HAL_Driver/Inc -I../Drivers/CMSIS/Device/ST/STM32F1xx/Include -I../Drivers/CMSIS/Include -O0 -ffunction-sections -fdata-sections -Wall -fstack-usage -MMD -MP -MF"Drivers/STM32F1xx_HAL_Driver/Src/stm32f1xx_hal_pwr.d" -MT"Drivers/STM32F1xx_HAL_Driver/Src/stm32f1xx_hal_pwr.o" --specs=nano.specs -mfloat-abi=soft -mthumb -o "Drivers/STM32F1xx_HAL_Driver/Src/stm32f1xx_hal_pwr.o"
arm-none-eabi-gcc "../Drivers/STM32F1xx_HAL_Driver/Src/stm32f1xx_hal_rcc.c" -mcpu=cortex-m3 -std=gnu11 -g3 -DDEBUG -DUSE_HAL_DRIVER -DSTM32F103xB -c -I../Core/Inc -I../Drivers/STM32F1xx_HAL_Driver/Inc/Legacy -I../Drivers/STM32F1xx_HAL_Driver/Inc -I../Drivers/CMSIS/Device/ST/STM32F1xx/Include -I../Drivers/CMSIS/Include -O0 -ffunction-sections -fdata-sections -Wall -fstack-usage -MMD -MP -MF"Drivers/STM32F1xx_HAL_Driver/Src/stm32f1xx_hal_rcc.d" -MT"Drivers/STM32F1xx_HAL_Driver/Src/stm32f1xx_hal_rcc.o" --specs=nano.specs -mfloat-abi=soft -mthumb -o "Drivers/STM32F1xx_HAL_Driver/Src/stm32f1xx_hal_rcc.o"
arm-none-eabi-gcc "../Drivers/STM32F1xx_HAL_Driver/Src/stm32f1xx_hal_rcc_ex.c" -mcpu=cortex-m3 -std=gnu11 -g3 -DDEBUG -DUSE_HAL_DRIVER -DSTM32F103xB -c -I../Core/Inc -I../Drivers/STM32F1xx_HAL_Driver/Inc/Legacy -I../Drivers/STM32F1xx_HAL_Driver/Inc -I../Drivers/CMSIS/Device/ST/STM32F1xx/Include -I../Drivers/CMSIS/Include -O0 -ffunction-sections -fdata-sections -Wall -fstack-usage -MMD -MP -MF"Drivers/STM32F1xx_HAL_Driver/Src/stm32f1xx_hal_rcc_ex.d" -MT"Drivers/STM32F1xx_HAL_Driver/Src/stm32f1xx_hal_rcc_ex.o" --specs=nano.specs -mfloat-abi=soft -mthumb -o "Drivers/STM32F1xx_HAL_Driver/Src/stm32f1xx_hal_rcc_ex.o"
arm-none-eabi-gcc "../Drivers/STM32F1xx_HAL_Driver/Src/stm32f1xx_hal_tim.c" -mcpu=cortex-m3 -std=gnu11 -g3 -DDEBUG -DUSE_HAL_DRIVER -DSTM32F103xB -c -I../Core/Inc -I../Drivers/STM32F1xx_HAL_Driver/Inc/Legacy -I../Drivers/STM32F1xx_HAL_Driver/Inc -I../Drivers/CMSIS/Device/ST/STM32F1xx/Include -I../Drivers/CMSIS/Include -O0 -ffunction-sections -fdata-sections -Wall -fstack-usage -MMD -MP -MF"Drivers/STM32F1xx_HAL_Driver/Src/stm32f1xx_hal_tim.d" -MT"Drivers/STM32F1xx_HAL_Driver/Src/stm32f1xx_hal_tim.o" --specs=nano.specs -mfloat-abi=soft -mthumb -o "Drivers/STM32F1xx_HAL_Driver/Src/stm32f1xx_hal_tim.o"
arm-none-eabi-gcc "../Drivers/STM32F1xx_HAL_Driver/Src/stm32f1xx_hal_tim_ex.c" -mcpu=cortex-m3 -std=gnu11 -g3 -DDEBUG -DUSE_HAL_DRIVER -DSTM32F103xB -c -I../Core/Inc -I../Drivers/STM32F1xx_HAL_Driver/Inc/Legacy -I../Drivers/STM32F1xx_HAL_Driver/Inc -I../Drivers/CMSIS/Device/ST/STM32F1xx/Include -I../Drivers/CMSIS/Include -O0 -ffunction-sections -fdata-sections -Wall -fstack-usage -MMD -MP -MF"Drivers/STM32F1xx_HAL_Driver/Src/stm32f1xx_hal_tim_ex.d" -MT"Drivers/STM32F1xx_HAL_Driver/Src/stm32f1xx_hal_tim_ex.o" --specs=nano.specs -mfloat-abi=soft -mthumb -o "Drivers/STM32F1xx_HAL_Driver/Src/stm32f1xx_hal_tim_ex.o"
arm-none-eabi-gcc "../Drivers/STM32F1xx_HAL_Driver/Src/stm32f1xx_hal_uart.c" -mcpu=cortex-m3 -std=gnu11 -g3 -DDEBUG -DUSE_HAL_DRIVER -DSTM32F103xB -c -I../Core/Inc -I../Drivers/STM32F1xx_HAL_Driver/Inc/Legacy -I../Drivers/STM32F1xx_HAL_Driver/Inc -I../Drivers/CMSIS/Device/ST/STM32F1xx/Include -I../Drivers/CMSIS/Include -O0 -ffunction-sections -fdata-sections -Wall -fstack-usage -MMD -MP -MF"Drivers/STM32F1xx_HAL_Driver/Src/stm32f1xx_hal_uart.d" -MT"Drivers/STM32F1xx_HAL_Driver/Src/stm32f1xx_hal_uart.o" --specs=nano.specs -mfloat-abi=soft -mthumb -o "Drivers/STM32F1xx_HAL_Driver/Src/stm32f1xx_hal_uart.o"
arm-none-eabi-gcc "../Core/Src/main.c" -mcpu=cortex-m3 -std=gnu11 -g3 -DDEBUG -DUSE_HAL_DRIVER -DSTM32F103xB -c -I../Core/Inc -I../Drivers/STM32F1xx_HAL_Driver/Inc/Legacy -I../Drivers/STM32F1xx_HAL_Driver/Inc -I../Drivers/CMSIS/Device/ST/STM32F1xx/Include -I../Drivers/CMSIS/Include -O0 -ffunction-sections -fdata-sections -Wall -fstack-usage -MMD -MP -MF"Core/Src/main.d" -MT"Core/Src/main.o" --specs=nano.specs -mfloat-abi=soft -mthumb -o "Core/Src/main.o"
arm-none-eabi-gcc "../Core/Src/stm32f1xx_hal_msp.c" -mcpu=cortex-m3 -std=gnu11 -g3 -DDEBUG -DUSE_HAL_DRIVER -DSTM32F103xB -c -I../Core/Inc -I../Drivers/STM32F1xx_HAL_Driver/Inc/Legacy -I../Drivers/STM32F1xx_HAL_Driver/Inc -I../Drivers/CMSIS/Device/ST/STM32F1xx/Include -I../Drivers/CMSIS/Include -O0 -ffunction-sections -fdata-sections -Wall -fstack-usage -MMD -MP -MF"Core/Src/stm32f1xx_hal_msp.d" -MT"Core/Src/stm32f1xx_hal_msp.o" --specs=nano.specs -mfloat-abi=soft -mthumb -o "Core/Src/stm32f1xx_hal_msp.o"
../Core/Src/main.c: In function 'main':
../Core/Src/main.c:112:34: warning: pointer targets in passing argument 2 of 'HAL_UART_Transmit' differ in signedness [-Wpointer-sign]
  112 |       HAL_UART_Transmit(&huart1, "Привет", 16,  10);
      |                                  ^~~~~~~~
      |                                  |
      |                                  char *
In file included from ../Core/Inc/stm32f1xx_hal_conf.h:338,
                 from ../Drivers/STM32F1xx_HAL_Driver/Inc/stm32f1xx_hal.h:30,
                 from ../Core/Inc/main.h:30,
                 from ../Core/Src/main.c:20:
../Drivers/STM32F1xx_HAL_Driver/Inc/stm32f1xx_hal_uart.h:725:73: note: expected 'uint8_t *' {aka 'unsigned char *'} but argument is of type 'char *'
  725 | HAL_StatusTypeDef HAL_UART_Transmit(UART_HandleTypeDef *huart, uint8_t *pData, uint16_t Size, uint32_t Timeout);
      |                                                                ~~~~~~~~~^~~~~
arm-none-eabi-gcc "../Core/Src/stm32f1xx_it.c" -mcpu=cortex-m3 -std=gnu11 -g3 -DDEBUG -DUSE_HAL_DRIVER -DSTM32F103xB -c -I../Core/Inc -I../Drivers/STM32F1xx_HAL_Driver/Inc/Legacy -I../Drivers/STM32F1xx_HAL_Driver/Inc -I../Drivers/CMSIS/Device/ST/STM32F1xx/Include -I../Drivers/CMSIS/Include -O0 -ffunction-sections -fdata-sections -Wall -fstack-usage -MMD -MP -MF"Core/Src/stm32f1xx_it.d" -MT"Core/Src/stm32f1xx_it.o" --specs=nano.specs -mfloat-abi=soft -mthumb -o "Core/Src/stm32f1xx_it.o"
arm-none-eabi-gcc "../Core/Src/system_stm32f1xx.c" -mcpu=cortex-m3 -std=gnu11 -g3 -DDEBUG -DUSE_HAL_DRIVER -DSTM32F103xB -c -I../Core/Inc -I../Drivers/STM32F1xx_HAL_Driver/Inc/Legacy -I../Drivers/STM32F1xx_HAL_Driver/Inc -I../Drivers/CMSIS/Device/ST/STM32F1xx/Include -I../Drivers/CMSIS/Include -O0 -ffunction-sections -fdata-sections -Wall -fstack-usage -MMD -MP -MF"Core/Src/system_stm32f1xx.d" -MT"Core/Src/system_stm32f1xx.o" --specs=nano.specs -mfloat-abi=soft -mthumb -o "Core/Src/system_stm32f1xx.o"
arm-none-eabi-gcc -o "UART_Recive.elf" @"objects.list"   -mcpu=cortex-m3 -T"/home/oem/Embedded C/stm32cubeide_1.11.0/UART_Recive/STM32F103C8TX_FLASH.ld" --specs=nosys.specs -Wl,-Map="UART_Recive.map" -Wl,--gc-sections -static --specs=nano.specs -mfloat-abi=soft -mthumb -Wl,--start-group -lc -lm -Wl,--end-group
Finished building target: UART_Recive.elf
 
arm-none-eabi-size   UART_Recive.elf 
arm-none-eabi-objdump -h -S  UART_Recive.elf  > "UART_Recive.list"
arm-none-eabi-objcopy  -O ihex  UART_Recive.elf  "UART_Recive.hex"
arm-none-eabi-objcopy  -O binary  UART_Recive.elf  "UART_Recive.bin"
   text	   data	    bss	    dec	    hex	filename
  11580	    120	   1664	  13364	   3434	UART_Recive.elf
Finished building: default.size.stdout
 
Finished building: UART_Recive.bin
Finished building: UART_Recive.hex
 
 
Finished building: UART_Recive.list
 
09:45:33 **** Incremental Build of configuration Debug for project UART_Recive ****
make -j8 all 
arm-none-eabi-size   UART_Recive.elf 
   text	   data	    bss	    dec	    hex	filename
  11580	    120	   1664	  13364	   3434	UART_Recive.elf
Finished building: default.size.stdout
 
09:46:12 **** Incremental Build of configuration Debug for project UART_Recive ****
make -j8 all 
arm-none-eabi-gcc "../Core/Src/main.c" -mcpu=cortex-m3 -std=gnu11 -g3 -DDEBUG -DUSE_HAL_DRIVER -DSTM32F103xB -c -I../Core/Inc -I../Drivers/STM32F1xx_HAL_Driver/Inc/Legacy -I../Drivers/STM32F1xx_HAL_Driver/Inc -I../Drivers/CMSIS/Device/ST/STM32F1xx/Include -I../Drivers/CMSIS/Include -O0 -ffunction-sections -fdata-sections -Wall -fstack-usage -MMD -MP -MF"Core/Src/main.d" -MT"Core/Src/main.o" --specs=nano.specs -mfloat-abi=soft -mthumb -o "Core/Src/main.o"
../Core/Src/main.c: In function 'main':
../Core/Src/main.c:112:34: warning: pointer targets in passing argument 2 of 'HAL_UART_Transmit' differ in signedness [-Wpointer-sign]
  112 |       HAL_UART_Transmit(&huart1, "Привет", 16,  1000);
      |                                  ^~~~~~~~
      |                                  |
      |                                  char *
In file included from ../Core/Inc/stm32f1xx_hal_conf.h:338,
                 from ../Drivers/STM32F1xx_HAL_Driver/Inc/stm32f1xx_hal.h:30,
                 from ../Core/Inc/main.h:30,
                 from ../Core/Src/main.c:20:
../Drivers/STM32F1xx_HAL_Driver/Inc/stm32f1xx_hal_uart.h:725:73: note: expected 'uint8_t *' {aka 'unsigned char *'} but argument is of type 'char *'
  725 | HAL_StatusTypeDef HAL_UART_Transmit(UART_HandleTypeDef *huart, uint8_t *pData, uint16_t Size, uint32_t Timeout);
      |                                                                ~~~~~~~~~^~~~~
arm-none-eabi-gcc -o "UART_Recive.elf" @"objects.list"   -mcpu=cortex-m3 -T"/home/oem/Embedded C/stm32cubeide_1.11.0/UART_Recive/STM32F103C8TX_FLASH.ld" --specs=nosys.specs -Wl,-Map="UART_Recive.map" -Wl,--gc-sections -static --specs=nano.specs -mfloat-abi=soft -mthumb -Wl,--start-group -lc -lm -Wl,--end-group
Finished building target: UART_Recive.elf
 
arm-none-eabi-size   UART_Recive.elf 
arm-none-eabi-objdump -h -S  UART_Recive.elf  > "UART_Recive.list"
arm-none-eabi-objcopy  -O ihex  UART_Recive.elf  "UART_Recive.hex"
arm-none-eabi-objcopy  -O binary  UART_Recive.elf  "UART_Recive.bin"
   text	   data	    bss	    dec	    hex	filename
  11584	    120	   1664	  13368	   3438	UART_Recive.elf
Finished building: default.size.stdout
 
Finished building: UART_Recive.bin
Finished building: UART_Recive.hex
 
 
Finished building: UART_Recive.list
 
09:46:33 **** Incremental Build of configuration Debug for project UART_Recive ****
make -j8 all 
arm-none-eabi-size   UART_Recive.elf 
   text	   data	    bss	    dec	    hex	filename
  11584	    120	   1664	  13368	   3438	UART_Recive.elf
Finished building: default.size.stdout
 
09:52:44 **** Incremental Build of configuration Debug for project UART_Recive ****
make -j8 all 
arm-none-eabi-size   UART_Recive.elf 
   text	   data	    bss	    dec	    hex	filename
  11584	    120	   1664	  13368	   3438	UART_Recive.elf
Finished building: default.size.stdout
 
20:24:32 **** Incremental Build of configuration Debug for project UART_Recive ****
make -j8 all 
arm-none-eabi-size   UART_Recive.elf 
   text	   data	    bss	    dec	    hex	filename
  11584	    120	   1664	  13368	   3438	UART_Recive.elf
Finished building: default.size.stdout
 
20:24:44 **** Incremental Build of configuration Debug for project UART_Recive ****
make -j8 all 
arm-none-eabi-size   UART_Recive.elf 
   text	   data	    bss	    dec	    hex	filename
  11584	    120	   1664	  13368	   3438	UART_Recive.elf
Finished building: default.size.stdout
 
20:25:25 **** Incremental Build of configuration Debug for project UART_Recive ****
make -j8 all 
arm-none-eabi-size   UART_Recive.elf 
   text	   data	    bss	    dec	    hex	filename
  11584	    120	   1664	  13368	   3438	UART_Recive.elf
Finished building: default.size.stdout
 
20:29:05 **** Incremental Build of configuration Debug for project UART_Recive ****
make -j8 all 
arm-none-eabi-size   UART_Recive.elf 
   text	   data	    bss	    dec	    hex	filename
  11584	    120	   1664	  13368	   3438	UART_Recive.elf
Finished building: default.size.stdout
 
20:29:45 **** Incremental Build of configuration Debug for project UART_Recive ****
make -j8 all 
arm-none-eabi-size   UART_Recive.elf 
   text	   data	    bss	    dec	    hex	filename
  11584	    120	   1664	  13368	   3438	UART_Recive.elf
Finished building: default.size.stdout
 
20:29:53 **** Incremental Build of configuration Debug for project UART_Recive ****
make -j8 all 
arm-none-eabi-size   UART_Recive.elf 
   text	   data	    bss	    dec	    hex	filename
  11584	    120	   1664	  13368	   3438	UART_Recive.elf
Finished building: default.size.stdout
 
20:30:04 **** Incremental Build of configuration Debug for project UART_Recive ****
make -j8 all 
arm-none-eabi-size   UART_Recive.elf 
   text	   data	    bss	    dec	    hex	filename
  11584	    120	   1664	  13368	   3438	UART_Recive.elf
Finished building: default.size.stdout
 
20:30:19 **** Incremental Build of configuration Debug for project UART_Recive ****
make -j8 all 
arm-none-eabi-size   UART_Recive.elf 
   text	   data	    bss	    dec	    hex	filename
  11584	    120	   1664	  13368	   3438	UART_Recive.elf
Finished building: default.size.stdout
 
20:30:34 **** Incremental Build of configuration Debug for project UART_Recive ****
make -j8 all 
arm-none-eabi-size   UART_Recive.elf 
   text	   data	    bss	    dec	    hex	filename
  11584	    120	   1664	  13368	   3438	UART_Recive.elf
Finished building: default.size.stdout
 
20:31:22 **** Incremental Build of configuration Debug for project UART_Recive ****
make -j8 all 
arm-none-eabi-size   UART_Recive.elf 
   text	   data	    bss	    dec	    hex	filename
  11584	    120	   1664	  13368	   3438	UART_Recive.elf
Finished building: default.size.stdout
 
20:32:43 **** Incremental Build of configuration Debug for project UART_Recive ****
make -j8 all 
arm-none-eabi-size   UART_Recive.elf 
   text	   data	    bss	    dec	    hex	filename
  11584	    120	   1664	  13368	   3438	UART_Recive.elf
Finished building: default.size.stdout
 
20:33:24 **** Incremental Build of configuration Debug for project UART_Recive ****
make -j8 all 
arm-none-eabi-size   UART_Recive.elf 
   text	   data	    bss	    dec	    hex	filename
  11584	    120	   1664	  13368	   3438	UART_Recive.elf
Finished building: default.size.stdout
 
20:35:02 **** Incremental Build of configuration Debug for project UART_Recive ****
make -j8 all 
arm-none-eabi-size   UART_Recive.elf 
   text	   data	    bss	    dec	    hex	filename
  11584	    120	   1664	  13368	   3438	UART_Recive.elf
Finished building: default.size.stdout
 
20:35:28 **** Incremental Build of configuration Debug for project UART_Recive ****
make -j8 all 
arm-none-eabi-size   UART_Recive.elf 
   text	   data	    bss	    dec	    hex	filename
  11584	    120	   1664	  13368	   3438	UART_Recive.elf
Finished building: default.size.stdout
 
20:35:34 **** Incremental Build of configuration Debug for project UART_test ****
make -j8 all 
arm-none-eabi-size   UART_test.elf 
   text	   data	    bss	    dec	    hex	filename
  10712	     20	   1636	  12368	   3050	UART_test.elf
Finished building: default.size.stdout
 
20:37:17 **** Incremental Build of configuration Debug for project UART_Recive ****
make -j8 all 
arm-none-eabi-size   UART_Recive.elf 
   text	   data	    bss	    dec	    hex	filename
  11584	    120	   1664	  13368	   3438	UART_Recive.elf
Finished building: default.size.stdout
 
20:37:50 **** Incremental Build of configuration Debug for project UART_Recive ****
make -j8 all 
arm-none-eabi-size   UART_Recive.elf 
   text	   data	    bss	    dec	    hex	filename
  11584	    120	   1664	  13368	   3438	UART_Recive.elf
Finished building: default.size.stdout
 
20:39:31 **** Incremental Build of configuration Debug for project UART_Recive ****
make -j8 all 
arm-none-eabi-size   UART_Recive.elf 
   text	   data	    bss	    dec	    hex	filename
  11584	    120	   1664	  13368	   3438	UART_Recive.elf
Finished building: default.size.stdout
 
20:39:52 **** Incremental Build of configuration Debug for project UART_Recive ****
make -j8 all 
arm-none-eabi-size   UART_Recive.elf 
   text	   data	    bss	    dec	    hex	filename
  11584	    120	   1664	  13368	   3438	UART_Recive.elf
Finished building: default.size.stdout
 
20:44:08 **** Incremental Build of configuration Debug for project UART_Recive ****
make -j8 all 
arm-none-eabi-size   UART_Recive.elf 
   text	   data	    bss	    dec	    hex	filename
  11584	    120	   1664	  13368	   3438	UART_Recive.elf
Finished building: default.size.stdout
 
19:36:08 **** Incremental Build of configuration Debug for project UART_Recive ****
make -j8 all 
arm-none-eabi-size   UART_Recive.elf 
   text	   data	    bss	    dec	    hex	filename
  11584	    120	   1664	  13368	   3438	UART_Recive.elf
Finished building: default.size.stdout
 
19:36:37 **** Incremental Build of configuration Debug for project UART_Recive ****
make -j8 all 
arm-none-eabi-size   UART_Recive.elf 
   text	   data	    bss	    dec	    hex	filename
  11584	    120	   1664	  13368	   3438	UART_Recive.elf
Finished building: default.size.stdout
 
19:39:45 **** Incremental Build of configuration Debug for project UART_Recive ****
make -j8 all 
arm-none-eabi-gcc "../Core/Src/main.c" -mcpu=cortex-m3 -std=gnu11 -g3 -DDEBUG -DUSE_HAL_DRIVER -DSTM32F103xB -c -I../Core/Inc -I../Drivers/STM32F1xx_HAL_Driver/Inc/Legacy -I../Drivers/STM32F1xx_HAL_Driver/Inc -I../Drivers/CMSIS/Device/ST/STM32F1xx/Include -I../Drivers/CMSIS/Include -O0 -ffunction-sections -fdata-sections -Wall -fstack-usage -MMD -MP -MF"Core/Src/main.d" -MT"Core/Src/main.o" --specs=nano.specs -mfloat-abi=soft -mthumb -o "Core/Src/main.o"
../Core/Src/main.c: In function 'main':
../Core/Src/main.c:112:34: warning: pointer targets in passing argument 2 of 'HAL_UART_Transmit' differ in signedness [-Wpointer-sign]
  112 |       HAL_UART_Transmit(&huart1, "Привет", 16,  1000);
      |                                  ^~~~~~~~
      |                                  |
      |                                  char *
In file included from ../Core/Inc/stm32f1xx_hal_conf.h:338,
                 from ../Drivers/STM32F1xx_HAL_Driver/Inc/stm32f1xx_hal.h:30,
                 from ../Core/Inc/main.h:30,
                 from ../Core/Src/main.c:20:
../Drivers/STM32F1xx_HAL_Driver/Inc/stm32f1xx_hal_uart.h:725:73: note: expected 'uint8_t *' {aka 'unsigned char *'} but argument is of type 'char *'
  725 | HAL_StatusTypeDef HAL_UART_Transmit(UART_HandleTypeDef *huart, uint8_t *pData, uint16_t Size, uint32_t Timeout);
      |                                                                ~~~~~~~~~^~~~~
arm-none-eabi-gcc -o "UART_Recive.elf" @"objects.list"   -mcpu=cortex-m3 -T"/home/oem/Embedded C/stm32cubeide_1.11.0/UART_Recive/STM32F103C8TX_FLASH.ld" --specs=nosys.specs -Wl,-Map="UART_Recive.map" -Wl,--gc-sections -static --specs=nano.specs -mfloat-abi=soft -mthumb -Wl,--start-group -lc -lm -Wl,--end-group
Finished building target: UART_Recive.elf
 
arm-none-eabi-size   UART_Recive.elf 
arm-none-eabi-objdump -h -S  UART_Recive.elf  > "UART_Recive.list"
arm-none-eabi-objcopy  -O ihex  UART_Recive.elf  "UART_Recive.hex"
arm-none-eabi-objcopy  -O binary  UART_Recive.elf  "UART_Recive.bin"
   text	   data	    bss	    dec	    hex	filename
  11924	    120	   1664	  13708	   358c	UART_Recive.elf
Finished building: default.size.stdout
 
Finished building: UART_Recive.bin
Finished building: UART_Recive.hex
 
 
Finished building: UART_Recive.list
 
19:40:31 **** Incremental Build of configuration Debug for project UART_Recive ****
make -j8 all 
arm-none-eabi-size   UART_Recive.elf 
   text	   data	    bss	    dec	    hex	filename
  11924	    120	   1664	  13708	   358c	UART_Recive.elf
Finished building: default.size.stdout
 
19:43:10 **** Incremental Build of configuration Debug for project UART_Recive ****
make -j8 all 
arm-none-eabi-gcc "../Core/Src/main.c" -mcpu=cortex-m3 -std=gnu11 -g3 -DDEBUG -DUSE_HAL_DRIVER -DSTM32F103xB -c -I../Core/Inc -I../Drivers/STM32F1xx_HAL_Driver/Inc/Legacy -I../Drivers/STM32F1xx_HAL_Driver/Inc -I../Drivers/CMSIS/Device/ST/STM32F1xx/Include -I../Drivers/CMSIS/Include -O0 -ffunction-sections -fdata-sections -Wall -fstack-usage -MMD -MP -MF"Core/Src/main.d" -MT"Core/Src/main.o" --specs=nano.specs -mfloat-abi=soft -mthumb -o "Core/Src/main.o"
arm-none-eabi-gcc -o "UART_Recive.elf" @"objects.list"   -mcpu=cortex-m3 -T"/home/oem/Embedded C/stm32cubeide_1.11.0/UART_Recive/STM32F103C8TX_FLASH.ld" --specs=nosys.specs -Wl,-Map="UART_Recive.map" -Wl,--gc-sections -static --specs=nano.specs -mfloat-abi=soft -mthumb -Wl,--start-group -lc -lm -Wl,--end-group
Finished building target: UART_Recive.elf
 
arm-none-eabi-size   UART_Recive.elf 
arm-none-eabi-objdump -h -S  UART_Recive.elf  > "UART_Recive.list"
arm-none-eabi-objcopy  -O ihex  UART_Recive.elf  "UART_Recive.hex"
arm-none-eabi-objcopy  -O binary  UART_Recive.elf  "UART_Recive.bin"
   text	   data	    bss	    dec	    hex	filename
  11600	    120	   1664	  13384	   3448	UART_Recive.elf
Finished building: default.size.stdout
 
Finished building: UART_Recive.hex
Finished building: UART_Recive.bin
 
 
Finished building: UART_Recive.list
 
19:46:02 **** Incremental Build of configuration Debug for project UART_Recive ****
make -j8 all 
arm-none-eabi-gcc "../Core/Src/main.c" -mcpu=cortex-m3 -std=gnu11 -g3 -DDEBUG -DUSE_HAL_DRIVER -DSTM32F103xB -c -I../Core/Inc -I../Drivers/STM32F1xx_HAL_Driver/Inc/Legacy -I../Drivers/STM32F1xx_HAL_Driver/Inc -I../Drivers/CMSIS/Device/ST/STM32F1xx/Include -I../Drivers/CMSIS/Include -O0 -ffunction-sections -fdata-sections -Wall -fstack-usage -MMD -MP -MF"Core/Src/main.d" -MT"Core/Src/main.o" --specs=nano.specs -mfloat-abi=soft -mthumb -o "Core/Src/main.o"
arm-none-eabi-gcc -o "UART_Recive.elf" @"objects.list"   -mcpu=cortex-m3 -T"/home/oem/Embedded C/stm32cubeide_1.11.0/UART_Recive/STM32F103C8TX_FLASH.ld" --specs=nosys.specs -Wl,-Map="UART_Recive.map" -Wl,--gc-sections -static --specs=nano.specs -mfloat-abi=soft -mthumb -Wl,--start-group -lc -lm -Wl,--end-group
Finished building target: UART_Recive.elf
 
arm-none-eabi-size   UART_Recive.elf 
arm-none-eabi-objdump -h -S  UART_Recive.elf  > "UART_Recive.list"
arm-none-eabi-objcopy  -O ihex  UART_Recive.elf  "UART_Recive.hex"
arm-none-eabi-objcopy  -O binary  UART_Recive.elf  "UART_Recive.bin"
   text	   data	    bss	    dec	    hex	filename
  11600	    120	   1664	  13384	   3448	UART_Recive.elf
Finished building: default.size.stdout
 
Finished building: UART_Recive.hex
Finished building: UART_Recive.bin
 
 
Finished building: UART_Recive.list
 
19:46:46 **** Incremental Build of configuration Debug for project UART_Recive ****
make -j8 all 
arm-none-eabi-size   UART_Recive.elf 
   text	   data	    bss	    dec	    hex	filename
  11600	    120	   1664	  13384	   3448	UART_Recive.elf
Finished building: default.size.stdout
 
19:47:41 **** Incremental Build of configuration Debug for project UART_Recive ****
make -j8 all 
arm-none-eabi-gcc "../Core/Src/main.c" -mcpu=cortex-m3 -std=gnu11 -g3 -DDEBUG -DUSE_HAL_DRIVER -DSTM32F103xB -c -I../Core/Inc -I../Drivers/STM32F1xx_HAL_Driver/Inc/Legacy -I../Drivers/STM32F1xx_HAL_Driver/Inc -I../Drivers/CMSIS/Device/ST/STM32F1xx/Include -I../Drivers/CMSIS/Include -O0 -ffunction-sections -fdata-sections -Wall -fstack-usage -MMD -MP -MF"Core/Src/main.d" -MT"Core/Src/main.o" --specs=nano.specs -mfloat-abi=soft -mthumb -o "Core/Src/main.o"
arm-none-eabi-gcc -o "UART_Recive.elf" @"objects.list"   -mcpu=cortex-m3 -T"/home/oem/Embedded C/stm32cubeide_1.11.0/UART_Recive/STM32F103C8TX_FLASH.ld" --specs=nosys.specs -Wl,-Map="UART_Recive.map" -Wl,--gc-sections -static --specs=nano.specs -mfloat-abi=soft -mthumb -Wl,--start-group -lc -lm -Wl,--end-group
Finished building target: UART_Recive.elf
 
arm-none-eabi-size   UART_Recive.elf 
arm-none-eabi-objdump -h -S  UART_Recive.elf  > "UART_Recive.list"
arm-none-eabi-objcopy  -O ihex  UART_Recive.elf  "UART_Recive.hex"
arm-none-eabi-objcopy  -O binary  UART_Recive.elf  "UART_Recive.bin"
   text	   data	    bss	    dec	    hex	filename
  11600	    120	   1664	  13384	   3448	UART_Recive.elf
Finished building: default.size.stdout
 
Finished building: UART_Recive.hex
Finished building: UART_Recive.bin
 
 
Finished building: UART_Recive.list
 
19:57:59 **** Incremental Build of configuration Debug for project UART_Recive ****
make -j8 all 
arm-none-eabi-gcc "../Core/Src/main.c" -mcpu=cortex-m3 -std=gnu11 -g3 -DDEBUG -DUSE_HAL_DRIVER -DSTM32F103xB -c -I../Core/Inc -I../Drivers/STM32F1xx_HAL_Driver/Inc/Legacy -I../Drivers/STM32F1xx_HAL_Driver/Inc -I../Drivers/CMSIS/Device/ST/STM32F1xx/Include -I../Drivers/CMSIS/Include -O0 -ffunction-sections -fdata-sections -Wall -fstack-usage -MMD -MP -MF"Core/Src/main.d" -MT"Core/Src/main.o" --specs=nano.specs -mfloat-abi=soft -mthumb -o "Core/Src/main.o"
arm-none-eabi-gcc -o "UART_Recive.elf" @"objects.list"   -mcpu=cortex-m3 -T"/home/oem/Embedded C/stm32cubeide_1.11.0/UART_Recive/STM32F103C8TX_FLASH.ld" --specs=nosys.specs -Wl,-Map="UART_Recive.map" -Wl,--gc-sections -static --specs=nano.specs -mfloat-abi=soft -mthumb -Wl,--start-group -lc -lm -Wl,--end-group
Finished building target: UART_Recive.elf
 
arm-none-eabi-size   UART_Recive.elf 
arm-none-eabi-objdump -h -S  UART_Recive.elf  > "UART_Recive.list"
arm-none-eabi-objcopy  -O ihex  UART_Recive.elf  "UART_Recive.hex"
arm-none-eabi-objcopy  -O binary  UART_Recive.elf  "UART_Recive.bin"
   text	   data	    bss	    dec	    hex	filename
  11600	    120	   1672	  13392	   3450	UART_Recive.elf
Finished building: default.size.stdout
 
Finished building: UART_Recive.hex
Finished building: UART_Recive.bin
 
 
Finished building: UART_Recive.list
 
19:59:29 **** Incremental Build of configuration Debug for project UART_Recive ****
make -j8 all 
arm-none-eabi-gcc "../Core/Src/main.c" -mcpu=cortex-m3 -std=gnu11 -g3 -DDEBUG -DUSE_HAL_DRIVER -DSTM32F103xB -c -I../Core/Inc -I../Drivers/STM32F1xx_HAL_Driver/Inc/Legacy -I../Drivers/STM32F1xx_HAL_Driver/Inc -I../Drivers/CMSIS/Device/ST/STM32F1xx/Include -I../Drivers/CMSIS/Include -O0 -ffunction-sections -fdata-sections -Wall -fstack-usage -MMD -MP -MF"Core/Src/main.d" -MT"Core/Src/main.o" --specs=nano.specs -mfloat-abi=soft -mthumb -o "Core/Src/main.o"
arm-none-eabi-gcc -o "UART_Recive.elf" @"objects.list"   -mcpu=cortex-m3 -T"/home/oem/Embedded C/stm32cubeide_1.11.0/UART_Recive/STM32F103C8TX_FLASH.ld" --specs=nosys.specs -Wl,-Map="UART_Recive.map" -Wl,--gc-sections -static --specs=nano.specs -mfloat-abi=soft -mthumb -Wl,--start-group -lc -lm -Wl,--end-group
Finished building target: UART_Recive.elf
 
arm-none-eabi-size   UART_Recive.elf 
arm-none-eabi-objdump -h -S  UART_Recive.elf  > "UART_Recive.list"
arm-none-eabi-objcopy  -O ihex  UART_Recive.elf  "UART_Recive.hex"
arm-none-eabi-objcopy  -O binary  UART_Recive.elf  "UART_Recive.bin"
   text	   data	    bss	    dec	    hex	filename
  11600	    120	   1672	  13392	   3450	UART_Recive.elf
Finished building: default.size.stdout
 
Finished building: UART_Recive.hex
Finished building: UART_Recive.bin
 
 
Finished building: UART_Recive.list
 
20:01:12 **** Incremental Build of configuration Debug for project UART_Recive ****
make -j8 all 
arm-none-eabi-gcc "../Core/Src/main.c" -mcpu=cortex-m3 -std=gnu11 -g3 -DDEBUG -DUSE_HAL_DRIVER -DSTM32F103xB -c -I../Core/Inc -I../Drivers/STM32F1xx_HAL_Driver/Inc/Legacy -I../Drivers/STM32F1xx_HAL_Driver/Inc -I../Drivers/CMSIS/Device/ST/STM32F1xx/Include -I../Drivers/CMSIS/Include -O0 -ffunction-sections -fdata-sections -Wall -fstack-usage -MMD -MP -MF"Core/Src/main.d" -MT"Core/Src/main.o" --specs=nano.specs -mfloat-abi=soft -mthumb -o "Core/Src/main.o"
arm-none-eabi-gcc -o "UART_Recive.elf" @"objects.list"   -mcpu=cortex-m3 -T"/home/oem/Embedded C/stm32cubeide_1.11.0/UART_Recive/STM32F103C8TX_FLASH.ld" --specs=nosys.specs -Wl,-Map="UART_Recive.map" -Wl,--gc-sections -static --specs=nano.specs -mfloat-abi=soft -mthumb -Wl,--start-group -lc -lm -Wl,--end-group
Finished building target: UART_Recive.elf
 
arm-none-eabi-size   UART_Recive.elf 
arm-none-eabi-objdump -h -S  UART_Recive.elf  > "UART_Recive.list"
arm-none-eabi-objcopy  -O ihex  UART_Recive.elf  "UART_Recive.hex"
arm-none-eabi-objcopy  -O binary  UART_Recive.elf  "UART_Recive.bin"
   text	   data	    bss	    dec	    hex	filename
  11600	    120	   1672	  13392	   3450	UART_Recive.elf
Finished building: default.size.stdout
 
Finished building: UART_Recive.hex
Finished building: UART_Recive.bin
 
 
Finished building: UART_Recive.list
 
20:02:27 **** Incremental Build of configuration Debug for project UART_Recive ****
make -j8 all 
arm-none-eabi-gcc "../Core/Src/main.c" -mcpu=cortex-m3 -std=gnu11 -g3 -DDEBUG -DUSE_HAL_DRIVER -DSTM32F103xB -c -I../Core/Inc -I../Drivers/STM32F1xx_HAL_Driver/Inc/Legacy -I../Drivers/STM32F1xx_HAL_Driver/Inc -I../Drivers/CMSIS/Device/ST/STM32F1xx/Include -I../Drivers/CMSIS/Include -O0 -ffunction-sections -fdata-sections -Wall -fstack-usage -MMD -MP -MF"Core/Src/main.d" -MT"Core/Src/main.o" --specs=nano.specs -mfloat-abi=soft -mthumb -o "Core/Src/main.o"
arm-none-eabi-gcc -o "UART_Recive.elf" @"objects.list"   -mcpu=cortex-m3 -T"/home/oem/Embedded C/stm32cubeide_1.11.0/UART_Recive/STM32F103C8TX_FLASH.ld" --specs=nosys.specs -Wl,-Map="UART_Recive.map" -Wl,--gc-sections -static --specs=nano.specs -mfloat-abi=soft -mthumb -Wl,--start-group -lc -lm -Wl,--end-group
Finished building target: UART_Recive.elf
 
arm-none-eabi-size   UART_Recive.elf 
arm-none-eabi-objdump -h -S  UART_Recive.elf  > "UART_Recive.list"
arm-none-eabi-objcopy  -O ihex  UART_Recive.elf  "UART_Recive.hex"
arm-none-eabi-objcopy  -O binary  UART_Recive.elf  "UART_Recive.bin"
   text	   data	    bss	    dec	    hex	filename
  11600	    120	   1672	  13392	   3450	UART_Recive.elf
Finished building: default.size.stdout
 
Finished building: UART_Recive.hex
Finished building: UART_Recive.bin
 
 
Finished building: UART_Recive.list
 
