17:15:09 **** Incremental Build of configuration Debug for project TimerCapture_STM32f103 ****
make -j8 all 
arm-none-eabi-gcc "../Core/Src/main.c" -mcpu=cortex-m3 -std=gnu11 -g3 -DDEBUG -DUSE_HAL_DRIVER -DSTM32F103xB -c -I../Core/Inc -I../Drivers/STM32F1xx_HAL_Driver/Inc/Legacy -I../Drivers/STM32F1xx_HAL_Driver/Inc -I../Drivers/CMSIS/Device/ST/STM32F1xx/Include -I../Drivers/CMSIS/Include -O0 -ffunction-sections -fdata-sections -Wall -fstack-usage -MMD -MP -MF"Core/Src/main.d" -MT"Core/Src/main.o" --specs=nano.specs -mfloat-abi=soft -mthumb -o "Core/Src/main.o"
arm-none-eabi-gcc -o "TimerCapture_STM32f103.elf" @"objects.list"   -mcpu=cortex-m3 -T"/home/oem/Embedded C/stm32cubeide_1.11.0/TimerCapture_STM32f103/STM32F103C8TX_FLASH.ld" --specs=nosys.specs -Wl,-Map="TimerCapture_STM32f103.map" -Wl,--gc-sections -static --specs=nano.specs -mfloat-abi=soft -mthumb -Wl,--start-group -lc -lm -Wl,--end-group
Finished building target: TimerCapture_STM32f103.elf
 
arm-none-eabi-size   TimerCapture_STM32f103.elf 
arm-none-eabi-objdump -h -S  TimerCapture_STM32f103.elf  > "TimerCapture_STM32f103.list"
   text	   data	    bss	    dec	    hex	filename
  12256	     20	   1732	  14008	   36b8	TimerCapture_STM32f103.elf
Finished building: default.size.stdout
 
Finished building: TimerCapture_STM32f103.list
 

17:15:10 Build Finished. 0 errors, 0 warnings. (took 955ms)

